Microsoft Windows [Version 6.1.7601]
Copyright (c) 2009 Microsoft Corporation.  All rights reserved.

C:\Users\cs2lab>cd Desktop\Forensic_tools\md5deep-4.4

C:\Users\cs2lab\Desktop\Forensic_tools\md5deep-4.4>dir
 Volume in drive C has no label.
 Volume Serial Number is 3842-A2D8

 Directory of C:\Users\cs2lab\Desktop\Forensic_tools\md5deep-4.4

2017-09-11  14:08    <DIR>          .
2017-09-11  14:08    <DIR>          ..
2014-01-29  11:39            18 007 CHANGES.txt
2014-01-29  11:39            19 422 COPYING.txt
2014-01-29  11:39             2 261 FILEFORMAT.txt
2017-09-11  14:08                 0 findstr
2014-01-29  11:38           789 504 hashdeep.exe
2014-01-29  11:39            13 575 HASHDEEP.txt
2014-01-29  11:39           868 864 hashdeep64.exe
2014-01-29  11:38           789 504 md5deep.exe
2014-01-29  11:39            14 859 MD5DEEP.txt
2017-09-11  13:33                 0 md5deep64.exe
2014-01-29  11:38           789 504 sha1deep.exe
2014-01-29  11:39           868 864 sha1deep64.exe
2014-01-29  11:38           789 504 sha256deep.exe
2014-01-29  11:39           868 864 sha256deep64.exe
2014-01-29  11:38           789 504 tigerdeep.exe
2014-01-29  11:39           868 864 tigerdeep64.exe
2014-01-29  11:38           789 504 whirlpooldeep.exe
2014-01-29  11:39           868 864 whirlpooldeep64.exe
              18 File(s)      9 149 468 bytes
               2 Dir(s)  495 160 954 880 bytes free

C:\Users\cs2lab\Desktop\Forensic_tools\md5deep-4.4>cd C:\Users\cs2lab\Desktop\Sh
ared Folder\DiFo2017\Lab1\Exercise1_Hashing

C:\Users\cs2lab\Desktop\Shared Folder\DiFo2017\Lab1\Exercise1_Hashing>md5deep64.
exe -r -m hash_saved.txt PS C:\Users\cs2lab\Desktop\Shared_Folder\DiFo2017\Lab1\
Exercise1_Hashing> findstr 1f4388f4a81a6cfacde955cf5fd84c4e76f12876db3356e2a84ef
da91f8c44407b3626b770d9752f9b0aa05927e7fb7c66e07ea96ea47ece2ca78a40cedb9d7e .\NS
RL_Hash_sums_Database.txt
Access is denied.

C:\Users\cs2lab\Desktop\Shared Folder\DiFo2017\Lab1\Exercise1_Hashing>
C:\Users\cs2lab\Desktop\Shared Folder\DiFo2017\Lab1\Exercise1_Hashing>PS C:\User
s\cs2lab\Desktop\Shared_Folder\DiFo2017\Lab1\Exercise1_Hashing> findstr aae0a840
704962b3026cf5b2058aa1a3d7752e6d562e0a843ce0abf7107666fb475ac45df08587c468f77548
47f2be4cebd1172dedfebfaa6527c8da2b1bc364 .\NSRL_Hash_sums_Database.txt
'PS' is not recognized as an internal or external command,
operable program or batch file.

C:\Users\cs2lab\Desktop\Shared Folder\DiFo2017\Lab1\Exercise1_Hashing>
C:\Users\cs2lab\Desktop\Shared Folder\DiFo2017\Lab1\Exercise1_Hashing>PS C:\User
s\cs2lab\Desktop\Shared_Folder\DiFo2017\Lab1\Exercise1_Hashing> findstr fad878bd
261840a4ea4a8277c546d4f46e79bbeb60b059cee41f8b50e28d0e88 .\NSRL_Hash_sums_Databa
se.txt
'PS' is not recognized as an internal or external command,
operable program or batch file.

C:\Users\cs2lab\Desktop\Shared Folder\DiFo2017\Lab1\Exercise1_Hashing>
C:\Users\cs2lab\Desktop\Shared Folder\DiFo2017\Lab1\Exercise1_Hashing>PS C:\User
s\cs2lab\Desktop\Shared_Folder\DiFo2017\Lab1\Exercise1_Hashing> findstr 13165439
42a8c6cd754855500cd37068edbbd8b31c4979d2825a4e799fed6102 .\NSRL_Hash_sums_Databa
se.txt
'PS' is not recognized as an internal or external command,
operable program or batch file.

C:\Users\cs2lab\Desktop\Shared Folder\DiFo2017\Lab1\Exercise1_Hashing>
C:\Users\cs2lab\Desktop\Shared Folder\DiFo2017\Lab1\Exercise1_Hashing>PS C:\User
s\cs2lab\Desktop\Shared_Folder\DiFo2017\Lab1\Exercise1_Hashing> findstr cdc47d67
0159eef60916ca03a9d4a007 .\NSRL_Hash_sums_Database.txt
'PS' is not recognized as an internal or external command,
operable program or batch file.

C:\Users\cs2lab\Desktop\Shared Folder\DiFo2017\Lab1\Exercise1_Hashing>
C:\Users\cs2lab\Desktop\Shared Folder\DiFo2017\Lab1\Exercise1_Hashing>
C:\Users\cs2lab\Desktop\Shared Folder\DiFo2017\Lab1\Exercise1_Hashing>md5deep64.
exe -r -m hash_saved.txt C:\Users\cs2lab\Desktop\Shared Folder
Access is denied.

C:\Users\cs2lab\Desktop\Shared Folder\DiFo2017\Lab1\Exercise1_Hashing>md5deep.ex
e -r -m hash_saved.txt C:\Users\cs2lab\Desktop\Shared Folder
md5deep.exe: hash_saved.txt: Unable to find any hashes in file, skipped.
md5deep.exe: Unable to load any matching files.
Try `md5deep.exe -h` for more information.

C:\Users\cs2lab\Desktop\Shared Folder\DiFo2017\Lab1\Exercise1_Hashing>md5deep he
llo > test.txt
md5deep: WARNING: You are running a 32-bit program on a 64-bit system.
md5deep: You probably want to use the 64-bit version of this program.

C:\Users\cs2lab\Desktop\Shared Folder\DiFo2017\Lab1\Exercise1_Hashing>md5deep -r
 -m test.txt C:\Users\cs2lab\Desktop\Shared Folder
md5deep: WARNING: You are running a 32-bit program on a 64-bit system.
md5deep: You probably want to use the 64-bit version of this program.
C:\Users\cs2lab\Desktop\Shared Folder\DiFo2017\Lab1\Exercise1_Hashing\Folder: No
 such file or directory

C:\Users\cs2lab\Desktop\Shared Folder\DiFo2017\Lab1\Exercise1_Hashing>md5deep -r
 -m test.txt C:\Users\cs2lab\Desktop\Newfolder\Exercise1_Hashing\
md5deep: WARNING: You are running a 32-bit program on a 64-bit system.
md5deep: You probably want to use the 64-bit version of this program.
C:\Users\cs2lab\Desktop\Newfolder\Exercise1_Hashing\hello
C:\Users\cs2lab\Desktop\Newfolder\Exercise1_Hashing\hello (4)

C:\Users\cs2lab\Desktop\Shared Folder\DiFo2017\Lab1\Exercise1_Hashing>md5deep -r
 -m hash_saved.txt C:\Users\cs2lab\Desktop\Newfolder\Exercise1_Hashing\
md5deep: hash_saved.txt: Unable to find any hashes in file, skipped.
md5deep: Unable to load any matching files.
Try `md5deep -h` for more information.

C:\Users\cs2lab\Desktop\Shared Folder\DiFo2017\Lab1\Exercise1_Hashing>